[Licensing::Module] Trying to connect to existing licensing client channel...
[Licensing::IpcConnector] Channel LicenseClient-Nihaal doesn't exist
[Licensing::Module] Successfully launched the LicensingClient (PId: 26680)
[Licensing::IpcConnector] Successfully connected to: "LicenseClient-Nihaal" at "2026-07-27T07:27:31.5368625Z"
[Licensing::Client] Code 10 while verifying Licensing Client signature (process Id: 26680, path: "C:/Program Files/Unity/Hub/Editor/2022.3.62f3/Editor/Data/Resources/Licensing/Client/Unity.Licensing.Client.exe")
[Licensing::Module] LicensingClient has failed validation; ignoring
[Licensing::Client] Handshaking with LicensingClient:
  Version:                 1.16.2+bdef8f5
  Session Id:              ea360e7a8ad14d1caf1a120392104553
  Correlation Id:          0388181e6a6937fdc0c2fc2a5f6d15d1
  External correlation Id: 1467713105672228318
  Machine Id:              4gOJh8VTyqYy1XlSMvtqeqYSFsg=
[Licensing::Module] Successfully connected to LicensingClient on channel: "LicenseClient-Nihaal" (connect: 1.29s, validation: 0.11s, handshake: 0.10s)
[Licensing::IpcConnector] Successfully connected to: "LicenseClient-Nihaal-notifications" at "2026-07-27T07:27:31.7507401Z"
[Licensing::Module] Connected to LicensingClient (PId: 26680, launch time: 0.01, total connection time: 1.50s)
[Licensing::Module] Error: Access token is unavailable; failed to update
[Licensing::Client] Error: Code 500 while processing request (status: Unable to update licenses. Errors: No ULF license found.,Token not found in cache)
[Licensing::Client] Error: Code 500 while updating license in client (status: Unable to update licenses. Errors: No ULF license found.,Token not found in cache)
Built from '2022.3/respin/2022.3.62f2-4af31df585-v2' branch; Version is '2022.3.62f3 (96770f904ca7) revision 9860879'; Using compiler version '192829333'; Build Type 'Release'
OS: 'Windows 11  (10.0.26200) 64bit CoreSingleLanguage' Language: 'en' Physical Memory: 16109 MB
[Licensing::Client] Successfully resolved entitlement details
[Licensing::Module] Serial number assigned to: "13469880394289-UnityPersXXXX"
BatchMode: 1, IsHumanControllingUs: 0, StartBugReporterOnCrash: 0, Is64bit: 1, IsPro: 0
[Licensing::Client] Successfully resolved entitlement details

COMMAND LINE ARGUMENTS:
C:\Program Files\Unity\Hub\Editor\2022.3.62f3\Editor\Unity.exe
-batchmode
-nographics
-logFile
C:\Users\Nihaal\Desktop\ADRL-Rescue\build.log
-projectPath
C:\Users\Nihaal\Desktop\ADRL-Rescue
-quit
Successfully changed project path to: C:\Users\Nihaal\Desktop\ADRL-Rescue
C:/Users/Nihaal/Desktop/ADRL-Rescue
[UnityMemory] Configuration Parameters - Can be set up in boot.config
    "memorysetup-bucket-allocator-granularity=16"
    "memorysetup-bucket-allocator-bucket-count=8"
    "memorysetup-bucket-allocator-block-size=33554432"
    "memorysetup-bucket-allocator-block-count=8"
    "memorysetup-main-allocator-block-size=16777216"
    "memorysetup-thread-allocator-block-size=16777216"
    "memorysetup-gfx-main-allocator-block-size=16777216"
    "memorysetup-gfx-thread-allocator-block-size=16777216"
    "memorysetup-cache-allocator-block-size=4194304"
    "memorysetup-typetree-allocator-block-size=2097152"
    "memorysetup-profiler-bucket-allocator-granularity=16"
    "memorysetup-profiler-bucket-allocator-bucket-count=8"
    "memorysetup-profiler-bucket-allocator-block-size=33554432"
    "memorysetup-profiler-bucket-allocator-block-count=8"
    "memorysetup-profiler-allocator-block-size=16777216"
    "memorysetup-profiler-editor-allocator-block-size=1048576"
    "memorysetup-temp-allocator-size-main=16777216"
    "memorysetup-job-temp-allocator-block-size=2097152"
    "memorysetup-job-temp-allocator-block-size-background=1048576"
    "memorysetup-job-temp-allocator-reduction-small-platforms=262144"
    "memorysetup-allocator-temp-initial-block-size-main=262144"
    "memorysetup-allocator-temp-initial-block-size-worker=262144"
    "memorysetup-temp-allocator-size-background-worker=32768"
    "memorysetup-temp-allocator-size-job-worker=262144"
    "memorysetup-temp-allocator-size-preload-manager=33554432"
    "memorysetup-temp-allocator-size-nav-mesh-worker=65536"
    "memorysetup-temp-allocator-size-audio-worker=65536"
    "memorysetup-temp-allocator-size-cloud-worker=32768"
    "memorysetup-temp-allocator-size-gi-baking-worker=262144"
    "memorysetup-temp-allocator-size-gfx=262144"
Player connection [12560]  Target information:

Player connection [12560]  * "[IP] 192.168.6.2 [Port] 55504 [Flags] 2 [Guid] 553349371 [EditorId] 553349371 [Version] 1048832 [Id] WindowsEditor(7,Nihaal) [Debug] 1 [PackageName] WindowsEditor [ProjectName] Editor" 

Player connection [12560]  * "[IP] 20.20.20.178 [Port] 55504 [Flags] 2 [Guid] 553349371 [EditorId] 553349371 [Version] 1048832 [Id] WindowsEditor(7,Nihaal) [Debug] 1 [PackageName] WindowsEditor [ProjectName] Editor" 

Player connection [12560] Host joined multi-casting on [225.0.0.222:54997]...
Player connection [12560] Host joined alternative multi-casting on [225.0.0.222:34997]...
Input System module state changed to: Initialized.
[PhysX] Initialized MultithreadedTaskDispatcher with 12 workers.
[Package Manager] UpmClient::Connect -- Connected to IPC stream "Upm-14040" after 0.6 seconds.
[Package Manager] Restoring resolved packages state from cache
[Licensing::Client] Successfully resolved entitlement details
[Package Manager] Registered 43 packages:
  Packages from [https://packages.unity.com]:
    com.unity.collab-proxy@2.2.0 (location: C:\Users\Nihaal\Desktop\ADRL-Rescue\Library\PackageCache\com.unity.collab-proxy@2.2.0)
    com.unity.ide.rider@3.0.28 (location: C:\Users\Nihaal\Desktop\ADRL-Rescue\Library\PackageCache\com.unity.ide.rider@3.0.28)
    com.unity.ide.visualstudio@2.0.22 (location: C:\Users\Nihaal\Desktop\ADRL-Rescue\Library\PackageCache\com.unity.ide.visualstudio@2.0.22)
    com.unity.ide.vscode@1.2.5 (location: C:\Users\Nihaal\Desktop\ADRL-Rescue\Library\PackageCache\com.unity.ide.vscode@1.2.5)
    com.unity.textmeshpro@3.0.6 (location: C:\Users\Nihaal\Desktop\ADRL-Rescue\Library\PackageCache\com.unity.textmeshpro@3.0.6)
    com.unity.inputsystem@1.7.0 (location: C:\Users\Nihaal\Desktop\ADRL-Rescue\Library\PackageCache\com.unity.inputsystem@1.7.0)
    com.unity.ai.navigation@1.1.5 (location: C:\Users\Nihaal\Desktop\ADRL-Rescue\Library\PackageCache\com.unity.ai.navigation@1.1.5)
    com.unity.timeline@1.7.6 (location: C:\Users\Nihaal\Desktop\ADRL-Rescue\Library\PackageCache\com.unity.timeline@1.7.6)
    com.unity.test-framework@1.1.33 (location: C:\Users\Nihaal\Desktop\ADRL-Rescue\Library\PackageCache\com.unity.test-framework@1.1.33)
    com.unity.ext.nunit@1.0.6 (location: C:\Users\Nihaal\Desktop\ADRL-Rescue\Library\PackageCache\com.unity.ext.nunit@1.0.6)
  Built-in packages:
    com.unity.ugui@1.0.0 (location: C:\Users\Nihaal\Desktop\ADRL-Rescue\Library\PackageCache\com.unity.ugui@1.0.0)
    com.unity.modules.ai@1.0.0 (location: C:\Users\Nihaal\Desktop\ADRL-Rescue\Library\PackageCache\com.unity.modules.ai@1.0.0)
    com.unity.modules.androidjni@1.0.0 (location: C:\Users\Nihaal\Desktop\ADRL-Rescue\Library\PackageCache\com.unity.modules.androidjni@1.0.0)
    com.unity.modules.animation@1.0.0 (location: C:\Users\Nihaal\Desktop\ADRL-Rescue\Library\PackageCache\com.unity.modules.animation@1.0.0)
    com.unity.modules.assetbundle@1.0.0 (location: C:\Users\Nihaal\Desktop\ADRL-Rescue\Library\PackageCache\com.unity.modules.assetbundle@1.0.0)
    com.unity.modules.audio@1.0.0 (location: C:\Users\Nihaal\Desktop\ADRL-Rescue\Library\PackageCache\com.unity.modules.audio@1.0.0)
    com.unity.modules.cloth@1.0.0 (location: C:\Users\Nihaal\Desktop\ADRL-Rescue\Library\PackageCache\com.unity.modules.cloth@1.0.0)
    com.unity.modules.director@1.0.0 (location: C:\Users\Nihaal\Desktop\ADRL-Rescue\Library\PackageCache\com.unity.modules.director@1.0.0)
    com.unity.modules.imageconversion@1.0.0 (location: C:\Users\Nihaal\Desktop\ADRL-Rescue\Library\PackageCache\com.unity.modules.imageconversion@1.0.0)
    com.unity.modules.imgui@1.0.0 (location: C:\Users\Nihaal\Desktop\ADRL-Rescue\Library\PackageCache\com.unity.modules.imgui@1.0.0)
    com.unity.modules.jsonserialize@1.0.0 (location: C:\Users\Nihaal\Desktop\ADRL-Rescue\Library\PackageCache\com.unity.modules.jsonserialize@1.0.0)
    com.unity.modules.particlesystem@1.0.0 (location: C:\Users\Nihaal\Desktop\ADRL-Rescue\Library\PackageCache\com.unity.modules.particlesystem@1.0.0)
    com.unity.modules.physics@1.0.0 (location: C:\Users\Nihaal\Desktop\ADRL-Rescue\Library\PackageCache\com.unity.modules.physics@1.0.0)
    com.unity.modules.physics2d@1.0.0 (location: C:\Users\Nihaal\Desktop\ADRL-Rescue\Library\PackageCache\com.unity.modules.physics2d@1.0.0)
    com.unity.modules.screencapture@1.0.0 (location: C:\Users\Nihaal\Desktop\ADRL-Rescue\Library\PackageCache\com.unity.modules.screencapture@1.0.0)
    com.unity.modules.terrain@1.0.0 (location: C:\Users\Nihaal\Desktop\ADRL-Rescue\Library\PackageCache\com.unity.modules.terrain@1.0.0)
    com.unity.modules.terrainphysics@1.0.0 (location: C:\Users\Nihaal\Desktop\ADRL-Rescue\Library\PackageCache\com.unity.modules.terrainphysics@1.0.0)
    com.unity.modules.tilemap@1.0.0 (location: C:\Users\Nihaal\Desktop\ADRL-Rescue\Library\PackageCache\com.unity.modules.tilemap@1.0.0)
    com.unity.modules.ui@1.0.0 (location: C:\Users\Nihaal\Desktop\ADRL-Rescue\Library\PackageCache\com.unity.modules.ui@1.0.0)
    com.unity.modules.uielements@1.0.0 (location: C:\Users\Nihaal\Desktop\ADRL-Rescue\Library\PackageCache\com.unity.modules.uielements@1.0.0)
    com.unity.modules.umbra@1.0.0 (location: C:\Users\Nihaal\Desktop\ADRL-Rescue\Library\PackageCache\com.unity.modules.umbra@1.0.0)
    com.unity.modules.unityanalytics@1.0.0 (location: C:\Users\Nihaal\Desktop\ADRL-Rescue\Library\PackageCache\com.unity.modules.unityanalytics@1.0.0)
    com.unity.modules.unitywebrequest@1.0.0 (location: C:\Users\Nihaal\Desktop\ADRL-Rescue\Library\PackageCache\com.unity.modules.unitywebrequest@1.0.0)
    com.unity.modules.unitywebrequestassetbundle@1.0.0 (location: C:\Users\Nihaal\Desktop\ADRL-Rescue\Library\PackageCache\com.unity.modules.unitywebrequestassetbundle@1.0.0)
    com.unity.modules.unitywebrequestaudio@1.0.0 (location: C:\Users\Nihaal\Desktop\ADRL-Rescue\Library\PackageCache\com.unity.modules.unitywebrequestaudio@1.0.0)
    com.unity.modules.unitywebrequesttexture@1.0.0 (location: C:\Users\Nihaal\Desktop\ADRL-Rescue\Library\PackageCache\com.unity.modules.unitywebrequesttexture@1.0.0)
    com.unity.modules.unitywebrequestwww@1.0.0 (location: C:\Users\Nihaal\Desktop\ADRL-Rescue\Library\PackageCache\com.unity.modules.unitywebrequestwww@1.0.0)
    com.unity.modules.vehicles@1.0.0 (location: C:\Users\Nihaal\Desktop\ADRL-Rescue\Library\PackageCache\com.unity.modules.vehicles@1.0.0)
    com.unity.modules.video@1.0.0 (location: C:\Users\Nihaal\Desktop\ADRL-Rescue\Library\PackageCache\com.unity.modules.video@1.0.0)
    com.unity.modules.vr@1.0.0 (location: C:\Users\Nihaal\Desktop\ADRL-Rescue\Library\PackageCache\com.unity.modules.vr@1.0.0)
    com.unity.modules.wind@1.0.0 (location: C:\Users\Nihaal\Desktop\ADRL-Rescue\Library\PackageCache\com.unity.modules.wind@1.0.0)
    com.unity.modules.xr@1.0.0 (location: C:\Users\Nihaal\Desktop\ADRL-Rescue\Library\PackageCache\com.unity.modules.xr@1.0.0)
    com.unity.modules.subsystems@1.0.0 (location: C:\Users\Nihaal\Desktop\ADRL-Rescue\Library\PackageCache\com.unity.modules.subsystems@1.0.0)
[Subsystems] No new subsystems found in resolved package list.
Package Manager log level set to [2]
[Package Manager] Done registering packages in 0.47 seconds
Refreshing native plugins compatible for Editor in 6.47 ms, found 2 plugins.
Preloading 0 native plugins for Editor in 0.00 ms.
Initialize engine version: 2022.3.62f3 (96770f904ca7)
[Subsystems] Discovering subsystems at path C:/Program Files/Unity/Hub/Editor/2022.3.62f3/Editor/Data/Resources/UnitySubsystems
[Subsystems] Discovering subsystems at path C:/Users/Nihaal/Desktop/ADRL-Rescue/Assets
Forcing GfxDevice: Null
GfxDevice: creating device client; threaded=0; jobified=0
NullGfxDevice:
    Version:  NULL 1.0 [1.0]
    Renderer: Null Device
    Vendor:   Unity Technologies
[Licensing::Client] Successfully resolved entitlement details
Initialize mono
Mono path[0] = 'C:/Program Files/Unity/Hub/Editor/2022.3.62f3/Editor/Data/Managed'
Mono path[1] = 'C:/Program Files/Unity/Hub/Editor/2022.3.62f3/Editor/Data/MonoBleedingEdge/lib/mono/unityjit-win32'
Mono config path = 'C:/Program Files/Unity/Hub/Editor/2022.3.62f3/Editor/Data/MonoBleedingEdge/etc'
Using monoOptions --debugger-agent=transport=dt_socket,embedding=1,server=y,suspend=n,address=127.0.0.1:56040
Using cacheserver namespaces - metadata:defaultmetadata, artifacts:defaultartifacts
Using cacheserver namespaces - metadata:defaultmetadata, artifacts:defaultartifacts
ImportWorker Server TCP listen port: 0
Begin MonoManager ReloadAssembly
Registering precompiled unity dll's ...
Register platform support module: C:/Program Files/Unity/Hub/Editor/2022.3.62f3/Editor/Data/PlaybackEngines/WindowsStandaloneSupport/UnityEditor.WindowsStandalone.Extensions.dll
Registered in 0.007734 seconds.
- Loaded All Assemblies, in  0.644 seconds
Native extension for WindowsStandalone target not found
Mono: successfully reloaded assembly
- Finished resetting the current domain, in  0.512 seconds
Domain Reload Profiling: 1154ms
	BeginReloadAssembly (207ms)
		ExecutionOrderSort (0ms)
		DisableScriptedObjects (0ms)
		BackupInstance (0ms)
		ReleaseScriptingObjects (0ms)
		CreateAndSetChildDomain (1ms)
	RebuildCommonClasses (48ms)
	RebuildNativeTypeToScriptingClass (14ms)
	initialDomainReloadingComplete (103ms)
	LoadAllAssembliesAndSetupDomain (269ms)
		LoadAssemblies (204ms)
		RebuildTransferFunctionScriptingTraits (0ms)
		AnalyzeDomain (266ms)
			TypeCache.Refresh (261ms)
				TypeCache.ScanAssembly (230ms)
			ScanForSourceGeneratedMonoScriptInfo (1ms)
			ResolveRequiredComponents (1ms)
	FinalizeReload (513ms)
		ReleaseScriptCaches (0ms)
		RebuildScriptCaches (0ms)
		SetupLoadedEditorAssemblies (419ms)
			LogAssemblyErrors (0ms)
			InitializePlatformSupportModulesInManaged (13ms)
			SetLoadedEditorAssemblies (11ms)
			RefreshPlugins (0ms)
			BeforeProcessingInitializeOnLoad (5ms)
			ProcessInitializeOnLoadAttributes (285ms)
			ProcessInitializeOnLoadMethodAttributes (104ms)
			AfterProcessingInitializeOnLoad (0ms)
			EditorAssembliesLoaded (0ms)
		ExecutionOrderSort2 (0ms)
		AwakeInstancesAfterBackupRestoration (0ms)
[Licensing::Client] Successfully resolved entitlement details
Application.AssetDatabase Initial Refresh Start
Assembly for Assembly Definition File 'Assets/ADRL/Scripts/Sensors/ADRL.Sensors.asmdef' will not be compiled, because it has no scripts associated with it.
UnityEngine.StackTraceUtility:ExtractStackTrace ()
UnityEngine.DebugLogHandler:LogFormat (UnityEngine.LogType,UnityEngine.Object,string,object[])
UnityEngine.Logger:LogFormat (UnityEngine.LogType,string,object[])
UnityEngine.Debug:LogWarningFormat (string,object[])
UnityEditor.Scripting.ScriptCompilation.EditorCompilation:WarnIfThereAreAssembliesWithoutAnyScripts (UnityEditor.Scripting.ScriptCompilation.ScriptAssemblySettings,UnityEditor.Scripting.ScriptCompilation.ScriptAssembly[])
UnityEditor.Scripting.ScriptCompilation.EditorCompilation:CompileScriptsWithSettings (UnityEditor.Scripting.ScriptCompilation.ScriptAssemblySettings)
UnityEditor.Scripting.ScriptCompilation.EditorCompilation:CompileScripts (UnityEditor.Scripting.ScriptCompilation.EditorScriptCompilationOptions,UnityEditor.BuildTargetGroup,UnityEditor.BuildTarget,int,string[])
UnityEditor.Scripting.ScriptCompilation.EditorCompilationInterface/<>c__DisplayClass21_0:<CompileScripts>b__0 ()
UnityEditor.Scripting.ScriptCompilation.EditorCompilationInterface:EmitExceptionAsError<UnityEditor.Scripting.ScriptCompilation.EditorCompilation/CompileStatus> (System.Func`1<UnityEditor.Scripting.ScriptCompilation.EditorCompilation/CompileStatus>,UnityEditor.Scripting.ScriptCompilation.EditorCompilation/CompileStatus)
UnityEditor.Scripting.ScriptCompilation.EditorCompilationInterface:CompileScripts (UnityEditor.Scripting.ScriptCompilation.EditorScriptCompilationOptions,UnityEditor.BuildTargetGroup,UnityEditor.BuildTarget,int,string[])

Assembly for Assembly Definition File 'Assets/ADRL/Scripts/UI/ADRL.UI.asmdef' will not be compiled, because it has no scripts associated with it.
UnityEngine.StackTraceUtility:ExtractStackTrace ()
UnityEngine.DebugLogHandler:LogFormat (UnityEngine.LogType,UnityEngine.Object,string,object[])
UnityEngine.Logger:LogFormat (UnityEngine.LogType,string,object[])
UnityEngine.Debug:LogWarningFormat (string,object[])
UnityEditor.Scripting.ScriptCompilation.EditorCompilation:WarnIfThereAreAssembliesWithoutAnyScripts (UnityEditor.Scripting.ScriptCompilation.ScriptAssemblySettings,UnityEditor.Scripting.ScriptCompilation.ScriptAssembly[])
UnityEditor.Scripting.ScriptCompilation.EditorCompilation:CompileScriptsWithSettings (UnityEditor.Scripting.ScriptCompilation.ScriptAssemblySettings)
UnityEditor.Scripting.ScriptCompilation.EditorCompilation:CompileScripts (UnityEditor.Scripting.ScriptCompilation.EditorScriptCompilationOptions,UnityEditor.BuildTargetGroup,UnityEditor.BuildTarget,int,string[])
UnityEditor.Scripting.ScriptCompilation.EditorCompilationInterface/<>c__DisplayClass21_0:<CompileScripts>b__0 ()
UnityEditor.Scripting.ScriptCompilation.EditorCompilationInterface:EmitExceptionAsError<UnityEditor.Scripting.ScriptCompilation.EditorCompilation/CompileStatus> (System.Func`1<UnityEditor.Scripting.ScriptCompilation.EditorCompilation/CompileStatus>,UnityEditor.Scripting.ScriptCompilation.EditorCompilation/CompileStatus)
UnityEditor.Scripting.ScriptCompilation.EditorCompilationInterface:CompileScripts (UnityEditor.Scripting.ScriptCompilation.EditorScriptCompilationOptions,UnityEditor.BuildTargetGroup,UnityEditor.BuildTarget,int,string[])

Assembly for Assembly Definition File 'Assets/ADRL/Scripts/AI/ADRL.AI.asmdef' will not be compiled, because it has no scripts associated with it.
UnityEngine.StackTraceUtility:ExtractStackTrace ()
UnityEngine.DebugLogHandler:LogFormat (UnityEngine.LogType,UnityEngine.Object,string,object[])
UnityEngine.Logger:LogFormat (UnityEngine.LogType,string,object[])
UnityEngine.Debug:LogWarningFormat (string,object[])
UnityEditor.Scripting.ScriptCompilation.EditorCompilation:WarnIfThereAreAssembliesWithoutAnyScripts (UnityEditor.Scripting.ScriptCompilation.ScriptAssemblySettings,UnityEditor.Scripting.ScriptCompilation.ScriptAssembly[])
UnityEditor.Scripting.ScriptCompilation.EditorCompilation:CompileScriptsWithSettings (UnityEditor.Scripting.ScriptCompilation.ScriptAssemblySettings)
UnityEditor.Scripting.ScriptCompilation.EditorCompilation:CompileScripts (UnityEditor.Scripting.ScriptCompilation.EditorScriptCompilationOptions,UnityEditor.BuildTargetGroup,UnityEditor.BuildTarget,int,string[])
UnityEditor.Scripting.ScriptCompilation.EditorCompilationInterface/<>c__DisplayClass21_0:<CompileScripts>b__0 ()
UnityEditor.Scripting.ScriptCompilation.EditorCompilationInterface:EmitExceptionAsError<UnityEditor.Scripting.ScriptCompilation.EditorCompilation/CompileStatus> (System.Func`1<UnityEditor.Scripting.ScriptCompilation.EditorCompilation/CompileStatus>,UnityEditor.Scripting.ScriptCompilation.EditorCompilation/CompileStatus)
UnityEditor.Scripting.ScriptCompilation.EditorCompilationInterface:CompileScripts (UnityEditor.Scripting.ScriptCompilation.EditorScriptCompilationOptions,UnityEditor.BuildTargetGroup,UnityEditor.BuildTarget,int,string[])

Assembly for Assembly Definition File 'Assets/ADRL/Scripts/Training/ADRL.Training.asmdef' will not be compiled, because it has no scripts associated with it.
UnityEngine.StackTraceUtility:ExtractStackTrace ()
UnityEngine.DebugLogHandler:LogFormat (UnityEngine.LogType,UnityEngine.Object,string,object[])
UnityEngine.Logger:LogFormat (UnityEngine.LogType,string,object[])
UnityEngine.Debug:LogWarningFormat (string,object[])
UnityEditor.Scripting.ScriptCompilation.EditorCompilation:WarnIfThereAreAssembliesWithoutAnyScripts (UnityEditor.Scripting.ScriptCompilation.ScriptAssemblySettings,UnityEditor.Scripting.ScriptCompilation.ScriptAssembly[])
UnityEditor.Scripting.ScriptCompilation.EditorCompilation:CompileScriptsWithSettings (UnityEditor.Scripting.ScriptCompilation.ScriptAssemblySettings)
UnityEditor.Scripting.ScriptCompilation.EditorCompilation:CompileScripts (UnityEditor.Scripting.ScriptCompilation.EditorScriptCompilationOptions,UnityEditor.BuildTargetGroup,UnityEditor.BuildTarget,int,string[])
UnityEditor.Scripting.ScriptCompilation.EditorCompilationInterface/<>c__DisplayClass21_0:<CompileScripts>b__0 ()
UnityEditor.Scripting.ScriptCompilation.EditorCompilationInterface:EmitExceptionAsError<UnityEditor.Scripting.ScriptCompilation.EditorCompilation/CompileStatus> (System.Func`1<UnityEditor.Scripting.ScriptCompilation.EditorCompilation/CompileStatus>,UnityEditor.Scripting.ScriptCompilation.EditorCompilation/CompileStatus)
UnityEditor.Scripting.ScriptCompilation.EditorCompilationInterface:CompileScripts (UnityEditor.Scripting.ScriptCompilation.EditorScriptCompilationOptions,UnityEditor.BuildTargetGroup,UnityEditor.BuildTarget,int,string[])

info: Microsoft.Hosting.Lifetime[14]
      Now listening on: http://localhost:80
info: Microsoft.Hosting.Lifetime[0]
      Application started. Press Ctrl+C to shut down.
info: Microsoft.Hosting.Lifetime[0]
      Hosting environment: Production
info: Microsoft.Hosting.Lifetime[0]
      Content root path: C:\Users\Nihaal\Desktop\ADRL-Rescue\
info: Microsoft.AspNetCore.Hosting.Diagnostics[1]
      Request starting HTTP/2 POST http://ilpp/UnityILPP.PostProcessing/Ping application/grpc -
info: Microsoft.AspNetCore.Routing.EndpointMiddleware[0]
      Executing endpoint 'gRPC - /UnityILPP.PostProcessing/Ping'
info: Microsoft.AspNetCore.Routing.EndpointMiddleware[1]
      Executed endpoint 'gRPC - /UnityILPP.PostProcessing/Ping'
info: Microsoft.AspNetCore.Hosting.Diagnostics[2]
      Request finished HTTP/2 POST http://ilpp/UnityILPP.PostProcessing/Ping application/grpc - - 200 - application/grpc 80.5980ms
Starting: C:\Program Files\Unity\Hub\Editor\2022.3.62f3\Editor\Data\bee_backend.exe --ipc --defer-dag-verification --dagfile="Library/Bee/1900b0aE.dag" --continue-on-failure --profile="Library/Bee/backend1.traceevents" ScriptAssemblies
WorkingDir: C:/Users/Nihaal/Desktop/ADRL-Rescue
DisplayProgressbar: Compiling Scripts
ExitCode: 0 Duration: 0s251ms
*** Tundra build success (0.15 seconds), 0 items updated, 292 evaluated
AssetDatabase: script compilation time: 1.328890s
Begin MonoManager ReloadAssembly
Total cache size 265874800
Total cache size after purge 265874800
- Loaded All Assemblies, in  0.856 seconds
Refreshing native plugins compatible for Editor in 5.60 ms, found 2 plugins.
Preloading 0 native plugins for Editor in 0.00 ms.
Refreshing native plugins compatible for Editor in 7.39 ms, found 2 plugins.
Native extension for WindowsStandalone target not found
Mono: successfully reloaded assembly
- Finished resetting the current domain, in  1.953 seconds
Domain Reload Profiling: 2808ms
	BeginReloadAssembly (242ms)
		ExecutionOrderSort (0ms)
		DisableScriptedObjects (6ms)
		BackupInstance (0ms)
		ReleaseScriptingObjects (0ms)
		CreateAndSetChildDomain (34ms)
	RebuildCommonClasses (69ms)
	RebuildNativeTypeToScriptingClass (18ms)
	initialDomainReloadingComplete (42ms)
	LoadAllAssembliesAndSetupDomain (483ms)
		LoadAssemblies (493ms)
		RebuildTransferFunctionScriptingTraits (0ms)
		AnalyzeDomain (141ms)
			TypeCache.Refresh (119ms)
				TypeCache.ScanAssembly (101ms)
			ScanForSourceGeneratedMonoScriptInfo (16ms)
			ResolveRequiredComponents (3ms)
	FinalizeReload (1954ms)
		ReleaseScriptCaches (0ms)
		RebuildScriptCaches (0ms)
		SetupLoadedEditorAssemblies (1692ms)
			LogAssemblyErrors (0ms)
			InitializePlatformSupportModulesInManaged (10ms)
			SetLoadedEditorAssemblies (6ms)
			RefreshPlugins (0ms)
			BeforeProcessingInitializeOnLoad (113ms)
			ProcessInitializeOnLoadAttributes (1501ms)
			ProcessInitializeOnLoadMethodAttributes (49ms)
			AfterProcessingInitializeOnLoad (12ms)
			EditorAssembliesLoaded (0ms)
		ExecutionOrderSort2 (0ms)
		AwakeInstancesAfterBackupRestoration (14ms)
Asset Pipeline Refresh (id=6d2b65600e34a3a4dbf14040653fd086): Total: 5.598 seconds - Initiated by InitialRefreshV2(ForceSynchronousImport)
	Summary:
		Imports: total=0 (actual=0, local cache=0, cache server=0)
		Asset DB Process Time: managed=0 ms, native=1273 ms
		Asset DB Callback time: managed=83 ms, native=1 ms
		Scripting: domain reloads=1, domain reload time=2873 ms, compile time=1335 ms, other=30 ms
		Project Asset Count: scripts=2428, non-scripts=707
		Asset File Changes: new=0, changed=0, moved=0, deleted=0
		Scan Filter Count: 0
	InvokeBeforeRefreshCallbacks: 1.499ms
	ApplyChangesToAssetFolders: 0.122ms
	Scan: 93.689ms
	OnSourceAssetsModified: 0.005ms
	GetAllGuidsForCategorization: 0.622ms
	CategorizeAssets: 96.347ms
	ImportOutOfDateAssets: 1999.688ms (640.474ms without children)
		CompileScripts: 1334.553ms
		ReloadNativeAssets: 0.001ms
		UnloadImportedAssets: 21.877ms
		EnsureUptoDateAssetsAreRegisteredWithGuidPM: 1.464ms
		InitializingProgressBar: 0.006ms
		PostProcessAllAssetNotificationsAddChangedAssets: 0.001ms
		OnDemandSchedulerStart: 1.312ms
	PostProcessAllAssets: 83.865ms
	GatherAllCurrentPrimaryArtifactRevisions: 0.001ms
	UnloadStreamsBegin: 0.574ms
	PersistCurrentRevisions: 0.201ms
	UnloadStreamsEnd: 0.025ms
	GenerateScriptTypeHashes: 1.597ms
	Untracked: 3320.961ms
Application.AssetDatabase Initial Refresh End
Scanning for USB devices : 2.081ms
Initializing Unity extensions:
[Licensing::Client] Successfully resolved entitlement details
[MODES] ModeService[none].Initialize
[MODES] ModeService[none].LoadModes
[MODES] Loading mode Default (0) for mode-current-id-ADRL-Rescue
[PhysX] Initialized MultithreadedTaskDispatcher with 12 workers.
ProgressiveSceneManager::Cancel()
Unloading 3 Unused Serialized files (Serialized files now loaded: 0)
Unloading 41 unused Assets / (475.5 KB). Loaded Objects now: 2421.
Memory consumption went from 102.1 MB to 101.7 MB.
Total: 5.163100 ms (FindLiveObjects: 0.173300 ms CreateObjectMapping: 0.057000 ms MarkObjects: 4.642500 ms  DeleteObjects: 0.288700 ms)

Batchmode quit successfully invoked - shutting down!
Curl error 42: Callback aborted
[PhysX] Initialized MultithreadedTaskDispatcher with 12 workers.
Input System module state changed to: ShutdownInProgress.
Input System polling thread exited.
Input System module state changed to: Shutdown.
[Licensing::IpcConnector] LicenseClient-Nihaal-notifications channel disconnected successfully.
[Licensing::IpcConnector] LicenseClient-Nihaal channel disconnected successfully.
Cleanup mono
abort_threads: Failed aborting id: 0000000000007F0C, mono_thread_manage will ignore it

abort_threads: Failed aborting id: 000000000000316C, mono_thread_manage will ignore it

abort_threads: Failed aborting id: 0000000000007F0C, mono_thread_manage will ignore it

abort_threads: Failed aborting id: 000000000000316C, mono_thread_manage will ignore it

debugger-agent: Unable to listen on 4496
[Performance] WinEditorMain                                                                                                  :        1 samples, Peak.  1.59 s (1.0x), Avg.  1.59 s, Total. 1.592 s (13.7%)
[Performance] WinEditorMain.ConfigureCrashHandler                                                                            :        1 samples, Peak.  50.9 us (1.0x), Avg.  50.9 us, Total. 50.90 us (0.0%)
[Performance] WinEditorMain.CurlRequestInitialize                                                                            :        1 samples, Peak.  1.55 ms (1.0x), Avg.  1.55 ms, Total. 1.547 ms (0.0%)
[Performance] WinEditorMain.SetupLogFile                                                                                     :        1 samples, Peak.   574 us (1.0x), Avg.   574 us, Total. 574.2 us (0.0%)
[Performance] WinEditorMain.RunNativeTestsIfRequiredAndExit                                                                  :        1 samples, Peak.   400 ns (1.0x), Avg.   400 ns, Total. 400.0 ns (0.0%)
[Performance] WinEditorMain.Licensing                                                                                        :        1 samples, Peak.  1.55 s (1.0x), Avg.  1.55 s, Total. 1.553 s (13.4%)
[Performance] WinEditorMain.InitializeCrashHandler                                                                           :        1 samples, Peak.  31.6 ms (1.0x), Avg.  31.6 ms, Total. 31.57 ms (0.3%)
[Performance] WinEditorMain.CreateApplication                                                                                :        1 samples, Peak.   382 us (1.0x), Avg.   382 us, Total. 382.0 us (0.0%)
[Performance] Application.InitializeProject                                                                                  :        1 samples, Peak.  9.30 s (1.0x), Avg.  9.30 s, Total. 9.301 s (80.3%)
[Performance] Application.PackageManager.StartServer                                                                         :        1 samples, Peak.  7.26 ms (1.0x), Avg.  7.26 ms, Total. 7.261 ms (0.1%)
[Performance] Application.AcquireProjectLock                                                                                 :        1 samples, Peak.  6.80 ms (1.0x), Avg.  6.80 ms, Total. 6.801 ms (0.1%)
[Performance] Application.InitializeEngineNoGraphics                                                                         :        1 samples, Peak.  88.1 ms (1.0x), Avg.  88.1 ms, Total. 88.05 ms (0.8%)
[Performance] Application.PackageManager.Initialize                                                                          :        1 samples, Peak.   590 ms (1.0x), Avg.   590 ms, Total. 590.2 ms (5.1%)
[Performance] Connecting to Package Manager                                                                                  :       60 samples, Peak.   100 us (24.5x), Avg.  4.10 us, Total. 245.7 us (0.0%)
[Performance] Application.EngineGraphics.Initialize                                                                          :        1 samples, Peak.  27.8 ms (1.0x), Avg.  27.8 ms, Total. 27.82 ms (0.2%)
[Performance] Application.GI.Initialize                                                                                      :        1 samples, Peak.  6.78 ms (1.0x), Avg.  6.78 ms, Total. 6.784 ms (0.1%)
[Performance] Application.LoadAllDefaultResourcesFromEditor                                                                  :        1 samples, Peak.  4.34 ms (1.0x), Avg.  4.34 ms, Total. 4.342 ms (0.0%)
[Performance] Application.LoadMonoAssemblies                                                                                 :        1 samples, Peak.  1.19 s (1.0x), Avg.  1.19 s, Total. 1.190 s (10.3%)
[Performance] RestoreManagedReferences                                                                                       :        2 samples, Peak.   109 ms (2.0x), Avg.  54.6 ms, Total. 109.3 ms (0.9%)
[Performance] InitializeOnLoad DrivenRectTransformUndo                                                                       :        2 samples, Peak.   676 us (1.0x), Avg.   663 us, Total. 1.326 ms (0.0%)
[Performance] InitializeOnLoad SceneSearch                                                                                   :        2 samples, Peak.   256 us (1.3x), Avg.   203 us, Total. 406.6 us (0.0%)
[Performance] InitializeOnLoad CloudBuild                                                                                    :        2 samples, Peak.  7.00 us (1.3x), Avg.  5.35 us, Total. 10.70 us (0.0%)
[Performance] InitializeOnLoad NativeFormatImporterUtility                                                                   :        2 samples, Peak.  5.16 ms (1.1x), Avg.  4.59 ms, Total. 9.173 ms (0.1%)
[Performance] InitializeOnLoad SearchService                                                                                 :        2 samples, Peak.   307 us (1.2x), Avg.   266 us, Total. 531.2 us (0.0%)
[Performance] InitializeOnLoad SettingsService                                                                               :        2 samples, Peak.  16.4 us (1.3x), Avg.  12.7 us, Total. 25.40 us (0.0%)
[Performance] InitializeOnLoad WindowLayout                                                                                  :        2 samples, Peak.  1.58 ms (1.1x), Avg.  1.38 ms, Total. 2.768 ms (0.0%)
[Performance] InitializeOnLoad AssetStoreContext                                                                             :        2 samples, Peak.  66.9 ms (1.2x), Avg.  57.5 ms, Total. 115.1 ms (1.0%)
[Performance] InitializeOnLoad PoolManager                                                                                   :        2 samples, Peak.  2.30 ms (1.2x), Avg.  1.86 ms, Total. 3.726 ms (0.0%)
[Performance] InitializeOnLoad MixerEffectDefinitionReloader                                                                 :        2 samples, Peak.  6.52 ms (1.2x), Avg.  5.55 ms, Total. 11.11 ms (0.1%)
[Performance] InitializeOnLoad ProjectSearch                                                                                 :        2 samples, Peak.   307 us (1.5x), Avg.   200 us, Total. 399.4 us (0.0%)
[Performance] InitializeOnLoad UISystemProfilerRenderService                                                                 :        2 samples, Peak.  29.9 us (1.5x), Avg.  20.5 us, Total. 41.10 us (0.0%)
[Performance] InitializeOnLoad EditMode                                                                                      :        2 samples, Peak.  1.07 ms (1.2x), Avg.   872 us, Total. 1.744 ms (0.0%)
[Performance] InitializeOnLoad UnityConnect                                                                                  :        2 samples, Peak.   142 us (1.3x), Avg.   110 us, Total. 220.6 us (0.0%)
[Performance] InitializeOnLoad ManagedDebugger                                                                               :        2 samples, Peak.  1.76 ms (1.3x), Avg.  1.31 ms, Total. 2.615 ms (0.0%)
[Performance] InitializeOnLoad ShortcutIntegration                                                                           :        2 samples, Peak.   155 us (1.3x), Avg.   120 us, Total. 240.9 us (0.0%)
[Performance] InitializeOnLoad AddComponentWindow                                                                            :        2 samples, Peak.   280 us (1.3x), Avg.   209 us, Total. 418.0 us (0.0%)
[Performance] InitializeOnLoad ManagedDebuggerWindow                                                                         :        2 samples, Peak.   299 us (1.3x), Avg.   236 us, Total. 472.3 us (0.0%)
[Performance] InitializeOnLoad CacheServerWindow                                                                             :        2 samples, Peak.  32.7 us (1.6x), Avg.  20.6 us, Total. 41.10 us (0.0%)
[Performance] InitializeOnLoad PlayModeDownload                                                                              :        2 samples, Peak.  12.1 ms (1.9x), Avg.  6.35 ms, Total. 12.71 ms (0.1%)
[Performance] InitializeOnLoad MenuItems                                                                                     :        2 samples, Peak.   218 us (1.0x), Avg.   211 us, Total. 422.0 us (0.0%)
[Performance] InitializeOnLoad PrefabInstanceChangedListener                                                                 :        2 samples, Peak.   755 us (1.3x), Avg.   564 us, Total. 1.127 ms (0.0%)
[Performance] InitializeOnLoad ObjectSelectorSearch                                                                          :        2 samples, Peak.   207 us (1.5x), Avg.   141 us, Total. 281.7 us (0.0%)
[Performance] InitializeOnLoad EditorMonitor                                                                                 :        2 samples, Peak.  2.14 ms (1.4x), Avg.  1.57 ms, Total. 3.143 ms (0.0%)
[Performance] InitializeOnLoad RetainedMode                                                                                  :        2 samples, Peak.  7.04 ms (1.1x), Avg.  6.23 ms, Total. 12.46 ms (0.1%)
[Performance] InitializeOnLoad EditorShaderLoader                                                                            :        2 samples, Peak.  1.71 ms (1.1x), Avg.  1.57 ms, Total. 3.134 ms (0.0%)
[Performance] InitializeOnLoad EditorDelegateRegistration                                                                    :        2 samples, Peak.   999 us (1.0x), Avg.   960 us, Total. 1.919 ms (0.0%)
[Performance] InitializeOnLoad UIDocumentHierarchyWatcher                                                                    :        2 samples, Peak.   162 us (1.2x), Avg.   137 us, Total. 273.4 us (0.0%)
[Performance] InitializeOnLoad LiveReloadTrackerCreator                                                                      :        2 samples, Peak.   525 us (1.2x), Avg.   440 us, Total. 880.3 us (0.0%)
[Performance] InitializeOnLoad UxmlObjectEditorFactories                                                                     :        2 samples, Peak.  1.03 ms (1.0x), Avg.  1.02 ms, Total. 2.039 ms (0.0%)
[Performance] InitializeOnLoad UXMLEditorFactories                                                                           :        2 samples, Peak.   171 ms (1.2x), Avg.   149 ms, Total. 297.3 ms (2.6%)
[Performance] InitializeOnLoad PurchasingService                                                                             :        2 samples, Peak.  22.8 ms (1.2x), Avg.  18.6 ms, Total. 37.16 ms (0.3%)
[Performance] InitializeOnLoad CloudBuildPoller                                                                              :        2 samples, Peak.   444 us (1.5x), Avg.   298 us, Total. 596.3 us (0.0%)
[Performance] InitializeOnLoad EditorGameServicesAnalytics                                                                   :        2 samples, Peak.  2.29 ms (1.1x), Avg.  2.12 ms, Total. 4.239 ms (0.0%)
[Performance] InitializeOnLoad AnalyticsService                                                                              :        2 samples, Peak.   376 us (1.1x), Avg.   337 us, Total. 673.3 us (0.0%)
[Performance] InitializeOnLoad BuildService                                                                                  :        2 samples, Peak.   265 us (1.2x), Avg.   230 us, Total. 459.3 us (0.0%)
[Performance] InitializeOnLoad AdsService                                                                                    :        2 samples, Peak.   767 us (1.2x), Avg.   634 us, Total. 1.269 ms (0.0%)
[Performance] InitializeOnLoad UDPService                                                                                    :        2 samples, Peak.   247 us (1.1x), Avg.   224 us, Total. 447.8 us (0.0%)
[Performance] InitializeOnLoad CrashService                                                                                  :        2 samples, Peak.   256 us (1.2x), Avg.   212 us, Total. 424.1 us (0.0%)
[Performance] InitializeOnLoad ServicesRepository                                                                            :        2 samples, Peak.   700 ns (1.1x), Avg.   650 ns, Total. 1.300 us (0.0%)
[Performance] InitializeOnLoad SearchWindow                                                                                  :        2 samples, Peak.   233 us (1.2x), Avg.   198 us, Total. 396.4 us (0.0%)
[Performance] InitializeOnLoad CustomIndexers                                                                                :        2 samples, Peak.  47.6 ms (1.1x), Avg.  44.7 ms, Total. 89.50 ms (0.8%)
[Performance] InitializeOnLoad SearchMonitor                                                                                 :        2 samples, Peak.  3.32 ms (1.3x), Avg.  2.55 ms, Total. 5.105 ms (0.0%)
[Performance] InitializeOnLoad ParameterControllerEditor                                                                     :        2 samples, Peak.  40.2 us (1.1x), Avg.  36.4 us, Total. 72.70 us (0.0%)
[Performance] InitializeOnLoad LayerSettingsWindow                                                                           :        2 samples, Peak.  50.0 us (1.7x), Avg.  29.8 us, Total. 59.70 us (0.0%)
[Performance] InitializeOnLoad PackageManagerHookGUIDConverter.RegisterPackagesEventHandler                                  :        2 samples, Peak.  1.87 ms (1.3x), Avg.  1.48 ms, Total. 2.955 ms (0.0%)
[Performance] InitializeOnLoad EditorDragAndDrop.RegisterEditorClient                                                        :        2 samples, Peak.   492 us (1.0x), Avg.   486 us, Total. 972.2 us (0.0%)
[Performance] InitializeOnLoad EditorEventCallbacks.InitializeFontAssetResourceChangeCallBacks                               :        2 samples, Peak.  3.67 ms (1.2x), Avg.  3.16 ms, Total. 6.316 ms (0.1%)
[Performance] InitializeOnLoad SceneTemplateService.Init                                                                     :        2 samples, Peak.  3.11 ms (1.0x), Avg.  3.00 ms, Total. 6.000 ms (0.1%)
[Performance] InitializeOnLoad DiagnosticSwitchesConsoleMessage.Init                                                         :        2 samples, Peak.  10.9 ms (1.9x), Avg.  5.84 ms, Total. 11.68 ms (0.1%)
[Performance] InitializeOnLoad PackageManagerWindow.EditorInitializedInSafeMode                                              :        2 samples, Peak.  54.5 ms (2.0x), Avg.  27.4 ms, Total. 54.87 ms (0.5%)
[Performance] InitializeOnLoad ToolShortcutContext.Init                                                                      :        2 samples, Peak.   536 us (1.3x), Avg.   423 us, Total. 846.5 us (0.0%)
[Performance] InitializeOnLoad MemoryProfilerCompilationGuard.InjectCompileGuard                                             :        2 samples, Peak.   726 us (1.5x), Avg.   494 us, Total. 989.0 us (0.0%)
[Performance] InitializeOnLoad AssetPostprocessingInternal.RefreshCustomDependencies                                         :        2 samples, Peak.  13.2 ms (1.8x), Avg.  7.31 ms, Total. 14.62 ms (0.1%)
[Performance] InitializeOnLoad SysrootManager.Initialize                                                                     :        2 samples, Peak.  1.24 ms (1.0x), Avg.  1.21 ms, Total. 2.421 ms (0.0%)
[Performance] InitializeOnLoad ScopedRegistryAddedPopup.SubscribeToRegistriesAdded                                           :        2 samples, Peak.  11.9 ms (1.9x), Avg.  6.09 ms, Total. 12.18 ms (0.1%)
[Performance] InitializeOnLoad SceneVisibilityManager.Initialize                                                             :        2 samples, Peak.  10.8 ms (1.7x), Avg.  6.46 ms, Total. 12.92 ms (0.1%)
[Performance] InitializeOnLoad EditorWindow.Initialize                                                                       :        2 samples, Peak.   621 us (1.0x), Avg.   606 us, Total. 1.213 ms (0.0%)
[Performance] AssemblyReloadEvents.afterAssemblyReload: UnityEditor.SceneTemplate.SceneTemplateService.AfterAssemblyReload   :        2 samples, Peak.  5.35 ms (1.7x), Avg.  3.10 ms, Total. 6.196 ms (0.1%)
[Performance] ProcessService.EditorAfterLoadAllAssemblies                                                                    :        2 samples, Peak.   802 us (1.3x), Avg.   625 us, Total. 1.250 ms (0.0%)
[Performance] Application.ReadLicenseInfo                                                                                    :        1 samples, Peak.  19.5 ms (1.0x), Avg.  19.5 ms, Total. 19.50 ms (0.2%)
[Performance] Application.InitialRefresh                                                                                     :        1 samples, Peak.  5.60 s (1.0x), Avg.  5.60 s, Total. 5.600 s (48.3%)
[Performance] Compiling Scripts                                                                                              :        1 samples, Peak.  1.33 s (1.0x), Avg.  1.33 s, Total. 1.329 s (11.5%)
[Performance] AssemblyReloadEvents.beforeAssemblyReload: UnityEditor.SceneTemplate.SceneTemplateService.BeforeAssemblyReload :        1 samples, Peak.   732 us (1.0x), Avg.   732 us, Total. 732.5 us (0.0%)
[Performance] InitializeOnLoad InputSystem                                                                                   :        1 samples, Peak.   121 ms (1.0x), Avg.   121 ms, Total. 120.8 ms (1.0%)
[Performance] InitializeOnLoad TouchSimulation                                                                               :        1 samples, Peak.   409 us (1.0x), Avg.   409 us, Total. 409.0 us (0.0%)
[Performance] InitializeOnLoad PlasticPlugin                                                                                 :        1 samples, Peak.   197 ms (1.0x), Avg.   197 ms, Total. 196.6 ms (1.7%)
[Performance] InitializeOnLoad ToolbarBootstrap                                                                              :        1 samples, Peak.   747 ms (1.0x), Avg.   747 ms, Total. 746.9 ms (6.4%)
[Performance] Package.AsyncRequest                                                                                           :        7 samples, Peak.  4.10 ms (7.0x), Avg.   588 us, Total. 4.118 ms (0.0%)
[Performance] InitializeOnLoad BackgroundWatcher                                                                             :        1 samples, Peak.   373 us (1.0x), Avg.   373 us, Total. 373.4 us (0.0%)
[Performance] InitializeOnLoad UnityTestProtocolStarter                                                                      :        1 samples, Peak.  1.21 ms (1.0x), Avg.  1.21 ms, Total. 1.211 ms (0.0%)
[Performance] InitializeOnLoad TestStarter                                                                                   :        1 samples, Peak.  1.71 ms (1.0x), Avg.  1.71 ms, Total. 1.712 ms (0.0%)
[Performance] InitializeOnLoad RerunCallbackInitializer                                                                      :        1 samples, Peak.  9.62 ms (1.0x), Avg.  9.62 ms, Total. 9.618 ms (0.1%)
[Performance] InitializeOnLoad VisualStudioEditor                                                                            :        1 samples, Peak.  33.3 ms (1.0x), Avg.  33.3 ms, Total. 33.30 ms (0.3%)
[Performance] InitializeOnLoad TestRunnerApiListener                                                                         :        1 samples, Peak.  1.97 ms (1.0x), Avg.  1.97 ms, Total. 1.966 ms (0.0%)
[Performance] InitializeOnLoad VisualStudioIntegration                                                                       :        1 samples, Peak.  6.20 ms (1.0x), Avg.  6.20 ms, Total. 6.201 ms (0.1%)
[Performance] InitializeOnLoad PrefabLayoutRebuilder                                                                         :        1 samples, Peak.   545 us (1.0x), Avg.   545 us, Total. 545.0 us (0.0%)
[Performance] InitializeOnLoad NavigationWindow                                                                              :        1 samples, Peak.  1.55 ms (1.0x), Avg.  1.55 ms, Total. 1.551 ms (0.0%)
[Performance] InitializeOnLoad RiderScriptEditor                                                                             :        1 samples, Peak.  9.28 ms (1.0x), Avg.  9.28 ms, Total. 9.283 ms (0.1%)
[Performance] InitializeOnLoad CallbackInitializer                                                                           :        1 samples, Peak.  2.20 ms (1.0x), Avg.  2.20 ms, Total. 2.199 ms (0.0%)
[Performance] InitializeOnLoad VSCodeScriptEditor                                                                            :        1 samples, Peak.  4.41 ms (1.0x), Avg.  4.41 ms, Total. 4.414 ms (0.0%)
[Performance] InitializeOnLoad TestJobDataHolder.ResumeRunningJobs                                                           :        1 samples, Peak.  3.15 ms (1.0x), Avg.  3.15 ms, Total. 3.147 ms (0.0%)
[Performance] InitializeOnLoad AnalyticsReporter.RegisterCallbacks                                                           :        1 samples, Peak.   933 us (1.0x), Avg.   933 us, Total. 933.2 us (0.0%)
[Performance] InitializeOnLoad VisualStudioEditor.LegacyVisualStudioCodePackageDisabler                                      :        1 samples, Peak.  15.1 ms (1.0x), Avg.  15.1 ms, Total. 15.06 ms (0.1%)
[Performance] DidReloadScriptsTestRunnerWindow.CompilationCallback                                                           :        1 samples, Peak.   622 us (1.0x), Avg.   622 us, Total. 621.7 us (0.0%)
[Performance] DidReloadScriptsTestListCache.ScriptReloaded                                                                   :        1 samples, Peak.  2.07 ms (1.0x), Avg.  2.07 ms, Total. 2.067 ms (0.0%)
[Performance] DidReloadScriptsAdvancedDropdownWindow.OnScriptReload                                                          :        2 samples, Peak.   440 us (1.3x), Avg.   347 us, Total. 693.6 us (0.0%)
[Performance] SyncVS.PostprocessSyncProject                                                                                  :        1 samples, Peak.  68.2 ms (1.0x), Avg.  68.2 ms, Total. 68.24 ms (0.6%)
[Performance] Application.ImportPackagesAndSetTemplateWhenCreatingProject                                                    :        1 samples, Peak.  41.7 ms (1.0x), Avg.  41.7 ms, Total. 41.72 ms (0.4%)
[Performance] Application.SyncCurrentColorSpace                                                                              :        1 samples, Peak.  12.8 ms (1.0x), Avg.  12.8 ms, Total. 12.82 ms (0.1%)
[Performance] Application.OnUsbDevicesChanged                                                                                :        1 samples, Peak.  2.20 ms (1.0x), Avg.  2.20 ms, Total. 2.202 ms (0.0%)
[Performance] Application.AssetInstanceCacheUpdate                                                                           :        1 samples, Peak.   800 ns (1.0x), Avg.   800 ns, Total. 800.0 ns (0.0%)
[Performance] Application.UnityExtensions.Initialize                                                                         :        1 samples, Peak.  5.37 ms (1.0x), Avg.  5.37 ms, Total. 5.373 ms (0.0%)
[Performance] CodeEditorProjectSync.SyncEditorProject                                                                        :        1 samples, Peak.   365 ms (1.0x), Avg.   365 ms, Total. 365.0 ms (3.1%)
[Performance] Application.ExecuteStartups                                                                                    :        1 samples, Peak.  96.7 ms (1.0x), Avg.  96.7 ms, Total. 96.67 ms (0.8%)
[Performance] Menu.RegisterMenuInterface                                                                                     :       26 samples, Peak.  3.80 us (8.1x), Avg.   469 ns, Total. 12.20 us (0.0%)
[Performance] Gizmo.RebuildRenderers                                                                                         :        1 samples, Peak.  95.4 ms (1.0x), Avg.  95.4 ms, Total. 95.42 ms (0.8%)
[Performance] Gizmo.AddGizmoRenderers                                                                                        :       48 samples, Peak.  4.06 ms (31.0x), Avg.   131 us, Total. 6.274 ms (0.1%)
[Performance] Application.editorInitializingProject                                                                          :        1 samples, Peak.   319 ms (1.0x), Avg.   319 ms, Total. 319.1 ms (2.8%)
[Performance] Application.InitializeMenu                                                                                     :        1 samples, Peak.   118 ms (1.0x), Avg.   118 ms, Total. 118.1 ms (1.0%)
[Performance] Menu.RebuildAll                                                                                                :        1 samples, Peak.   118 ms (1.0x), Avg.   118 ms, Total. 118.1 ms (1.0%)
[Performance] Menu.BuildRegisteredMenuInterfaces                                                                             :        1 samples, Peak.   112 ms (1.0x), Avg.   112 ms, Total. 112.1 ms (1.0%)
[Performance] Menu.FilterMenuItem                                                                                            :      588 samples, Peak.  61.3 ms (583.5x), Avg.   105 us, Total. 61.76 ms (0.5%)
[Performance] UpdateAllMenus                                                                                                 :        1 samples, Peak.  1.54 ms (1.0x), Avg.  1.54 ms, Total. 1.542 ms (0.0%)
[Performance] Menu.RebuildOSMainMenu                                                                                         :        1 samples, Peak.  3.64 ms (1.0x), Avg.  3.64 ms, Total. 3.643 ms (0.0%)
[Performance] EditorSceneManager.sceneClosing: UnityEditor.SceneVisibilityManager.EditorSceneManagerOnSceneClosing           :        1 samples, Peak.   787 us (1.0x), Avg.   787 us, Total. 786.5 us (0.0%)
[Performance] GUIView.RepaintAll.PlayerLoopController                                                                        :        1 samples, Peak.  3.60 us (1.0x), Avg.  3.60 us, Total. 3.600 us (0.0%)
[Performance] EditorSceneManager.newSceneCreated: UnityEditor.SceneTemplate.SceneTemplateService.OnNewSceneCreated           :        1 samples, Peak.   423 us (1.0x), Avg.   423 us, Total. 423.1 us (0.0%)
[Performance] EditorSceneManager.newSceneCreated: UnityEditor.SceneVisibilityManager.EditorSceneManagerOnNewSceneCreated     :        1 samples, Peak.   308 us (1.0x), Avg.   308 us, Total. 308.2 us (0.0%)
[Performance] EditorSceneManager.newSceneCreated: UnityEditor.SceneManagement.StageNavigationManager.OnNewSceneCreated       :        1 samples, Peak.  85.2 us (1.0x), Avg.  85.2 us, Total. 85.20 us (0.0%)
[Performance] Application.InvokeFinishedLoadingProject                                                                       :        1 samples, Peak.  6.79 ms (1.0x), Avg.  6.79 ms, Total. 6.790 ms (0.1%)
[Performance] ProcessService.OnProjectLoaded                                                                                 :        1 samples, Peak.  67.6 us (1.0x), Avg.  67.6 us, Total. 67.60 us (0.0%)
[Performance] VersionControl.Task.Wait                                                                                       :        1 samples, Peak.  20.7 us (1.0x), Avg.  20.7 us, Total. 20.70 us (0.0%)
[Performance] EditorApplication.quitting: callback in UnityEditor.TextCore.Text.EditorEventCallbacks                         :        1 samples, Peak.  9.01 ms (1.0x), Avg.  9.01 ms, Total. 9.006 ms (0.1%)
[Performance] Application.Shutdown.PauseProfilerSession                                                                      :        1 samples, Peak.  91.0 us (1.0x), Avg.  91.0 us, Total. 91.00 us (0.0%)
[Performance] Application.Shutdown.PauseAssetImportWorkers                                                                   :        1 samples, Peak.   364 us (1.0x), Avg.   364 us, Total. 364.5 us (0.0%)
[Performance] Application.Shutdown.SaveAssets                                                                                :        1 samples, Peak.  29.3 ms (1.0x), Avg.  29.3 ms, Total. 29.31 ms (0.3%)
[Performance] AssetModificationProcessor.OnWillSaveAssets                                                                    :        1 samples, Peak.  1.06 ms (1.0x), Avg.  1.06 ms, Total. 1.057 ms (0.0%)
[Performance] BuilderAssetModificationProcessor.OnWillSaveAssets                                                             :        1 samples, Peak.  1.25 ms (1.0x), Avg.  1.25 ms, Total. 1.254 ms (0.0%)
[Performance] TerrainModificationProcessor.OnWillSaveAssets                                                                  :        1 samples, Peak.  1.14 ms (1.0x), Avg.  1.14 ms, Total. 1.144 ms (0.0%)
[Performance] AssetDatabase.ImportAssets                                                                                     :        2 samples, Peak.  20.5 us (2.0x), Avg.  10.4 us, Total. 20.80 us (0.0%)
[Performance] Application.Shutdown.CleanupRenderPipeline                                                                     :        1 samples, Peak.  21.4 us (1.0x), Avg.  21.4 us, Total. 21.40 us (0.0%)
[Performance] Application.Shutdown.StopPreloadManager                                                                        :        1 samples, Peak.  9.98 ms (1.0x), Avg.  9.98 ms, Total. 9.981 ms (0.1%)
[Performance] Application.Shutdown.DestroyWorld                                                                              :        1 samples, Peak.  1.02 ms (1.0x), Avg.  1.02 ms, Total. 1.023 ms (0.0%)
[Performance] Application.Shutdown.CleanupAfterLoad                                                                          :        1 samples, Peak.  5.32 ms (1.0x), Avg.  5.32 ms, Total. 5.322 ms (0.0%)
[Performance] Application.Shutdown.Progress                                                                                  :        1 samples, Peak.  25.6 us (1.0x), Avg.  25.6 us, Total. 25.60 us (0.0%)
[Performance] Application.Shutdown.GICleanupManagers                                                                         :        1 samples, Peak.   951 us (1.0x), Avg.   951 us, Total. 951.2 us (0.0%)
[Performance] Application.Shutdown.MenuCleanupClass                                                                          :        1 samples, Peak.   425 us (1.0x), Avg.   425 us, Total. 425.2 us (0.0%)
[Performance] Application.Shutdown.ADBSaveStateBeforeShutdown                                                                :        1 samples, Peak.  25.7 us (1.0x), Avg.  25.7 us, Total. 25.70 us (0.0%)
[Performance] Application.Shutdown.RemoteShutdown                                                                            :        1 samples, Peak.  2.00 us (1.0x), Avg.  2.00 us, Total. 2.000 us (0.0%)
[Performance] Application.Shutdown.CleanupVCProvider                                                                         :        1 samples, Peak.  26.2 us (1.0x), Avg.  26.2 us, Total. 26.20 us (0.0%)
[Performance] Application.Shutdown.InputShutdown                                                                             :        1 samples, Peak.  5.80 us (1.0x), Avg.  5.80 us, Total. 5.800 us (0.0%)
[Performance] Application.Shutdown.GizmoManagerDestroy                                                                       :        1 samples, Peak.  3.10 ms (1.0x), Avg.  3.10 ms, Total. 3.098 ms (0.0%)
[Performance] Application.Shutdown.ProfilerSession                                                                           :        1 samples, Peak.   467 us (1.0x), Avg.   467 us, Total. 466.7 us (0.0%)
[Performance] Application.Shutdown.ReleaseGfxWindowOnAllGUIViews                                                             :        1 samples, Peak.  1.00 us (1.0x), Avg.  1.00 us, Total. 1.000 us (0.0%)
[Performance] Application.Shutdown.CleanupEngine                                                                             :        1 samples, Peak.   209 ms (1.0x), Avg.   209 ms, Total. 208.8 ms (1.8%)
[Performance] Application.Shutdown.CleanupAssetDatabase                                                                      :        1 samples, Peak.  9.01 ms (1.0x), Avg.  9.01 ms, Total. 9.009 ms (0.1%)
[Performance] Application.Shutdown.ScriptCompilationCleanUp                                                                  :        1 samples, Peak.  29.5 ms (1.0x), Avg.  29.5 ms, Total. 29.49 ms (0.3%)
[Performance] Application.Shutdown.DestroyJobSystem                                                                          :        1 samples, Peak.   259 us (1.0x), Avg.   259 us, Total. 258.9 us (0.0%)
[Performance] Application.Shutdown.CleanupPersistentManager                                                                  :        1 samples, Peak.  1.25 ms (1.0x), Avg.  1.25 ms, Total. 1.251 ms (0.0%)
[Performance] Application.Shutdown.CleanupAsyncReadManager                                                                   :        1 samples, Peak.  1.04 ms (1.0x), Avg.  1.04 ms, Total. 1.042 ms (0.0%)
[Performance] Application.Shutdown.CleanupProgressBar                                                                        :        1 samples, Peak.  1000 ns (1.0x), Avg.  1000 ns, Total. 1000.0 ns (0.0%)
[Performance] Application.Shutdown.CleanupMono                                                                               :        1 samples, Peak.   105 ms (1.0x), Avg.   105 ms, Total. 105.4 ms (0.9%)
[Performance] Application.Shutdown.CleanupStdConverters                                                                      :        1 samples, Peak.  12.1 us (1.0x), Avg.  12.1 us, Total. 12.10 us (0.0%)
[Performance] Application.Shutdown.UnloadAllPlatformSupportModuleNativeDlls                                                  :        1 samples, Peak.   800 ns (1.0x), Avg.   800 ns, Total. 800.0 ns (0.0%)
[Performance] Application.Shutdown.UnloadAllPlatformSupportNativeLibraries                                                   :        1 samples, Peak.   200 ns (1.0x), Avg.   200 ns, Total. 200.0 ns (0.0%)
[Performance] Application.Shutdown.CleanupAutoDocumentation                                                                  :        1 samples, Peak.   568 us (1.0x), Avg.   568 us, Total. 568.1 us (0.0%)
[Performance] Application.Shutdown.ShaderNameManagerDestroy                                                                  :        1 samples, Peak.  72.8 us (1.0x), Avg.  72.8 us, Total. 72.80 us (0.0%)
[Performance] Application.Shutdown.CleanupCacheServer                                                                        :        1 samples, Peak.   100 ns (1.0x), Avg.   100 ns, Total. 100.0 ns (0.0%)
[Performance] Application.Shutdown.Virtualization_Shutdown                                                                   :        1 samples, Peak.   500 ns (1.0x), Avg.   500 ns, Total. 500.0 ns (0.0%)
[Performance] Application.Shutdown.DevConnections                                                                            :        1 samples, Peak.   130 us (1.0x), Avg.   130 us, Total. 130.4 us (0.0%)
Exiting batchmode successfully now!
Exiting without the bug reporter. Application will terminate with return code 0